// Jest Snapshot v1, https://goo.gl/fbAQLP

exports[`config module should match for AUTO ADD 1`] = `true`;

exports[`config module should match for EMOJI FORMAT 1`] = `"emoji"`;

exports[`config module should match for SIGNED COMMIT 1`] = `false`;

exports[`config module should match for TITLE MAX LENGTH 1`] = `48`;
